// Jest Snapshot v1, https://goo.gl/fbAQLP

exports[`JobsList should render 1`] = `
<section
  className="Jobs"
>
  <div
    className="no-jobs"
  >
    No jobs found
  </div>
</section>
`;
