// Jest Snapshot v1, https://goo.gl/fbAQLP

exports[`PageNotFound should render 1`] = `
<h1>
  pageNotFound.message
</h1>
`;
